
> financiero@1.0.0 test
> jest --watchAll=false --silent

PASS components/ui/__tests__/dragonfly-logo.test.tsx
PASS components/ui/__tests__/card-brand-icons.test.tsx
PASS contexts/__tests__/auth-context.test.tsx
PASS repositories/mock/__tests__/auth.repository.mock.test.ts (5.885 s)
PASS hooks/cards/__tests__/use-cards-screen.test.ts
PASS contexts/__tests__/tenant-theme-context.test.tsx
PASS components/ui/__tests__/dragonfly-loading.test.tsx (8.871 s)
PASS components/navigation/__tests__/navigation-button.test.tsx (9.439 s)
PASS contexts/__tests__/tour-context.test.tsx
PASS components/__tests__/biometric-enable-modal.test.tsx
PASS components/ui/__tests__/auth-logo-header.test.tsx (10.638 s)
PASS components/__tests__/error-fallback.test.tsx (10.993 s)
PASS components/ui/__tests__/option-card.test.tsx
PASS hooks/__tests__/use-app-theme.test.tsx
PASS components/ui/__tests__/info-tooltip.test.tsx (11.492 s)
PASS components/cards/__tests__/cards.integration.test.tsx
PASS components/__tests__/themed-view.test.tsx
PASS repositories/mock/__tests__/tenant.repository.mock.test.ts
PASS hooks/__tests__/use-tenants.test.tsx
PASS components/__tests__/animated-splash-screen.test.tsx
PASS components/ui/__tests__/circular-progress.test.tsx (6.546 s)
PASS components/ui/__tests__/powered-by.test.tsx
PASS components/ui/__tests__/tab-icons.test.tsx (12.822 s)
PASS components/ui/__tests__/chip-icon.test.tsx
PASS hooks/__tests__/use-session-timeout.test.ts
PASS components/ui/__tests__/financial-icons.test.tsx
PASS components/ui/__tests__/card-background-patterns.test.tsx
PASS components/__tests__/onboarding-screen.test.tsx (13.214 s)
PASS hooks/__tests__/use-login-rate-limit.test.ts
PASS components/ui/__tests__/themed-input.test.tsx
PASS components/cards/operations/__tests__/operations.integration.test.tsx
PASS contexts/__tests__/splash-context.test.tsx
PASS components/__tests__/auth-screens-container.test.tsx
PASS components/ui/__tests__/add-to-wallet-button.test.tsx
PASS components/ui/__tests__/themed-button.test.tsx
PASS components/__tests__/forgot-password-screen.test.tsx (14.024 s)
PASS components/__tests__/register-screen.test.tsx (14.079 s)
PASS hooks/__tests__/use-auth-flow.test.ts
PASS components/__tests__/login-screen.test.tsx (14.201 s)
PASS hooks/__tests__/use-keyboard.test.ts
PASS utils/__tests__/api-validation.test.ts
PASS components/ui/__tests__/gradient-text.test.tsx
PASS components/__tests__/themed-text.test.tsx
PASS components/cards/insurance/__tests__/insurance.integration.test.tsx
PASS hooks/__tests__/use-color-scheme.web.test.ts
PASS components/__tests__/haptic-tab.test.tsx
PASS utils/formatters/__tests__/date.test.ts
PASS hooks/cards/__tests__/use-card-operation.test.ts
PASS hooks/__tests__/use-responsive-layout.test.ts
PASS hooks/__tests__/use-statement-export.test.ts
PASS components/__tests__/email-login-screen.test.tsx (14.778 s)
PASS utils/formatters/__tests__/currency.test.ts
PASS hooks/__tests__/use-features.test.tsx
PASS utils/__tests__/image-to-base64.test.ts
PASS repositories/real/__tests__/card.repository.real.test.ts
PASS api/__tests__/http-client.test.ts
PASS hooks/__tests__/use-auth-operations.test.ts
PASS hooks/cards/__tests__/use-card-queries.test.ts
PASS utils/__tests__/auth-storage.test.ts
PASS components/cards/card-financial-info/__tests__/financial-info.integration.test.tsx
PASS components/ui/__tests__/info-icon.test.tsx
PASS utils/__tests__/result.test.ts
PASS utils/__tests__/secure-random.test.ts
PASS components/ui/__tests__/faq-button.test.tsx
PASS components/ui/__tests__/animated-number.test.tsx
PASS components/__tests__/biometric-access-screen.test.tsx
PASS hooks/cards/__tests__/use-card-defer.test.ts
PASS constants/__tests__/card-actions.test.ts
PASS hooks/__tests__/use-tenants.test.ts
PASS repositories/__tests__/container.test.ts
PASS constants/__tests__/card-types.test.ts
PASS repositories/schemas/__tests__/card.schema.test.ts
PASS utils/__tests__/receipt-html.test.ts
PASS hooks/cards/__tests__/use-card-mutations.test.ts
PASS repositories/real/__tests__/auth.repository.real.test.ts
PASS hooks/__tests__/use-features.test.ts
PASS utils/__tests__/error-sanitizer.test.ts
PASS api/__tests__/ssl-pinning.test.ts
PASS utils/__tests__/validators.test.ts
PASS repositories/real/__tests__/tenant.repository.real.test.ts
PASS hooks/__tests__/use-color-scheme.test.ts
PASS utils/__tests__/logger.test.ts
PASS components/ui/__tests__/loading-screen.test.tsx (5.828 s)
PASS components/__tests__/institution-selector-header.test.tsx
PASS repositories/mock/__tests__/card.repository.mock.test.ts (20.345 s)

Test Suites: 85 passed, 85 total
Tests:       1229 passed, 1229 total
Snapshots:   0 total
Time:        22.504 s
